============================= test session starts =============================
platform win32 -- Python 3.13.5, pytest-9.0.2, pluggy-1.5.0 -- C:\Users\vechika\miniconda3\python.exe
cachedir: .pytest_cache
rootdir: E:\Revenue_TradeVolumePrediction\bold\customs-revenue-trade
plugins: anyio-4.12.1, Faker-40.4.0, hydra-core-1.3.2, langsmith-0.7.5, asyncio-1.3.0
asyncio: mode=Mode.STRICT, debug=False, asyncio_default_fixture_loop_scope=None, asyncio_default_test_loop_scope=function
collecting ... collected 23 items

tests/revenue_calculation_tests/test_revenue_calculations.py::TestDutyCalculation::test_class_based_calculation PASSED [  4%]
tests/revenue_calculation_tests/test_revenue_calculations.py::TestDutyCalculation::test_duty_rounding PASSED [  8%]
tests/revenue_calculation_tests/test_revenue_calculations.py::TestDutyCalculation::test_negative_value_raises PASSED [ 13%]
tests/revenue_calculation_tests/test_revenue_calculations.py::TestDutyCalculation::test_preferential_duty_calculation PASSED [ 17%]
tests/revenue_calculation_tests/test_revenue_calculations.py::TestDutyCalculation::test_standard_duty_calculation PASSED [ 21%]
tests/revenue_calculation_tests/test_revenue_calculations.py::TestDutyCalculation::test_zero_duty_rate PASSED [ 26%]
tests/revenue_calculation_tests/test_revenue_calculations.py::TestVATCalculation::test_standard_vat_calculation PASSED [ 30%]
tests/revenue_calculation_tests/test_revenue_calculations.py::TestVATCalculation::test_vat_on_zero_duty PASSED [ 34%]
tests/revenue_calculation_tests/test_revenue_calculations.py::TestVATCalculation::test_vat_reduced_rate PASSED [ 39%]
tests/revenue_calculation_tests/test_revenue_calculations.py::TestVATCalculation::test_vat_with_duty PASSED [ 43%]
tests/revenue_calculation_tests/test_revenue_calculations.py::TestVATCalculation::test_vat_with_excise PASSED [ 47%]
tests/revenue_calculation_tests/test_revenue_calculations.py::TestExciseCalculation::test_ad_valorem_excise PASSED [ 52%]
tests/revenue_calculation_tests/test_revenue_calculations.py::TestExciseCalculation::test_no_excise_on_non_excisable PASSED [ 56%]
tests/revenue_calculation_tests/test_revenue_calculations.py::TestExciseCalculation::test_specific_excise PASSED [ 60%]
tests/revenue_calculation_tests/test_revenue_calculations.py::TestTotalRevenue::test_total_revenue_calculation PASSED [ 65%]
tests/revenue_calculation_tests/test_revenue_calculations.py::TestTotalRevenue::test_total_revenue_with_preferential PASSED [ 69%]
tests/revenue_calculation_tests/test_revenue_calculations.py::TestTotalRevenue::test_total_revenue_zero_duty PASSED [ 73%]
tests/revenue_calculation_tests/test_revenue_calculations.py::TestRoundingRules::test_duty_rounding PASSED [ 78%]
tests/revenue_calculation_tests/test_revenue_calculations.py::TestRoundingRules::test_jpy_rounding PASSED [ 82%]
tests/revenue_calculation_tests/test_revenue_calculations.py::TestRoundingRules::test_khr_rounding PASSED [ 86%]
tests/revenue_calculation_tests/test_revenue_calculations.py::TestRoundingRules::test_unknown_currency_defaults_to_usd PASSED [ 91%]
tests/revenue_calculation_tests/test_revenue_calculations.py::TestRoundingRules::test_usd_rounding PASSED [ 95%]
tests/revenue_calculation_tests/test_revenue_calculations.py::TestRoundingRules::test_vat_rounding PASSED [100%]

============================= 23 passed in 0.25s ==============================
